<?xml version="1.0" encoding="utf-8"?><testsuites><testsuite name="pytest" errors="0" failures="0" skipped="0" tests="14" time="1.357" timestamp="2023-08-15T11:54:41.460201" hostname="MJ003742"><testcase classname="tests.main_test" name="test_main_route_returns_302" time="0.013" /><testcase classname="tests.main_test" name="test_main_route_body_returns_hello_world" time="0.005" /><testcase classname="tests.data.database_test" name="test_get_db_returns_valid_session" time="0.001" /><testcase classname="tests.middleware.secure_headers_middleware_test" name="test_referrer_policy_returns_no_referrer" time="0.006" /><testcase classname="tests.middleware.secure_headers_middleware_test" name="test_cache_control_returns_no_store" time="0.004" /><testcase classname="tests.middleware.secure_headers_middleware_test" name="test_x_frame_options_returns_sameorigin" time="0.004" /><testcase classname="tests.middleware.secure_headers_middleware_test" name="test_strict_transport_security_returns_subdomain_and_max_age" time="0.004" /><testcase classname="tests.middleware.secure_headers_middleware_test" name="test_csp_returns_correct_output" time="0.004" /><testcase classname="tests.routers.application_test" name="test_no_data_returns_400" time="0.178" /><testcase classname="tests.routers.application_test" name="test_data_returns_200" time="0.020" /><testcase classname="tests.routers.application_test" name="test_post_application_returns_200" time="0.017" /><testcase classname="tests.routers.application_test" name="test_post_application_returns_duplicate_error_if_id_already_exists" time="0.038" /><testcase classname="tests.routers.ping_test" name="test_ping_returns_200" time="0.005" /><testcase classname="tests.routers.ping_test" name="test_ping_returns_correct_body" time="0.006" /></testsuite></testsuites>